------------------------------------------------------------
Timing Analyzer Summary
------------------------------------------------------------

Type  : Slow 1100mV 85C Model Setup 'KEY[0]'
Slack : -14.411
TNS   : -24165.806

Type  : Slow 1100mV 85C Model Setup 'CLOCK_50'
Slack : -2.961
TNS   : -2.961

Type  : Slow 1100mV 85C Model Hold 'CLOCK_50'
Slack : 0.809
TNS   : 0.000

Type  : Slow 1100mV 85C Model Hold 'KEY[0]'
Slack : 1.016
TNS   : 0.000

Type  : Slow 1100mV 85C Model Minimum Pulse Width 'KEY[0]'
Slack : -1.105
TNS   : -3460.297

Type  : Slow 1100mV 85C Model Minimum Pulse Width 'CLOCK_50'
Slack : -0.728
TNS   : -1.266

Type  : Slow 1100mV 0C Model Setup 'KEY[0]'
Slack : -14.080
TNS   : -23723.265

Type  : Slow 1100mV 0C Model Setup 'CLOCK_50'
Slack : -2.926
TNS   : -2.926

Type  : Slow 1100mV 0C Model Hold 'CLOCK_50'
Slack : 0.653
TNS   : 0.000

Type  : Slow 1100mV 0C Model Hold 'KEY[0]'
Slack : 0.973
TNS   : 0.000

Type  : Slow 1100mV 0C Model Minimum Pulse Width 'KEY[0]'
Slack : -1.122
TNS   : -3715.404

Type  : Slow 1100mV 0C Model Minimum Pulse Width 'CLOCK_50'
Slack : -0.728
TNS   : -1.287

Type  : Fast 1100mV 85C Model Setup 'KEY[0]'
Slack : -7.214
TNS   : -11677.767

Type  : Fast 1100mV 85C Model Setup 'CLOCK_50'
Slack : -2.278
TNS   : -2.278

Type  : Fast 1100mV 85C Model Hold 'CLOCK_50'
Slack : 0.280
TNS   : 0.000

Type  : Fast 1100mV 85C Model Hold 'KEY[0]'
Slack : 0.383
TNS   : 0.000

Type  : Fast 1100mV 85C Model Minimum Pulse Width 'KEY[0]'
Slack : -1.139
TNS   : -3586.923

Type  : Fast 1100mV 85C Model Minimum Pulse Width 'CLOCK_50'
Slack : -0.769
TNS   : -1.353

Type  : Fast 1100mV 0C Model Setup 'KEY[0]'
Slack : -6.400
TNS   : -10198.028

Type  : Fast 1100mV 0C Model Setup 'CLOCK_50'
Slack : -2.133
TNS   : -2.133

Type  : Fast 1100mV 0C Model Hold 'CLOCK_50'
Slack : 0.151
TNS   : 0.000

Type  : Fast 1100mV 0C Model Hold 'KEY[0]'
Slack : 0.354
TNS   : 0.000

Type  : Fast 1100mV 0C Model Minimum Pulse Width 'KEY[0]'
Slack : -1.089
TNS   : -3561.634

Type  : Fast 1100mV 0C Model Minimum Pulse Width 'CLOCK_50'
Slack : -0.767
TNS   : -1.406

------------------------------------------------------------
